c:\engine\vtx\vtx\x64\debug\vc143.pdb
c:\engine\vtx\vtx\x64\debug\vc143.idb
c:\engine\vtx\vtx\x64\debug\graphicsengine.obj
c:\engine\vtx\vtx\x64\debug\devicecontext.obj
c:\engine\vtx\vtx\x64\debug\constantbuffer.obj
c:\engine\vtx\vtx\x64\debug\sandbox.obj
c:\engine\vtx\vtx\x64\debug\main.obj
c:\engine\vtx\vtx\x64\debug\game.obj
c:\engine\vtx\vtx\x64\debug\display.obj
c:\engine\vtx\vtx\x64\debug\texture.obj
c:\engine\vtx\vtx\x64\debug\mygame.obj
c:\engine\vtx\vtx\x64\debug\entity.obj
c:\engine\vtx\vtx\x64\debug\player.obj
c:\engine\vtx\vtx\x64\debug\transformcomponent.obj
c:\engine\vtx\vtx\x64\debug\component.obj
c:\engine\vtx\vtx\x64\debug\meshcomponent.obj
c:\engine\vtx\vtx\x64\debug\cameracomponent.obj
c:\engine\vtx\vtx\x64\debug\lightcomponent.obj
c:\engine\vtx\vtx\x64\debug\terraincomponent.obj
c:\engine\vtx\vtx\x64\debug\physicsengine.obj
c:\engine\vtx\vtx\x64\debug\rigidbodycomponent.obj
c:\engine\vtx\vtx\x64\debug\collidercomponent.obj
c:\engine\vtx\vtx\x64\debug\world.obj
c:\engine\vtx\vtx\x64\debug\window.obj
c:\engine\vtx\vtx\x64\debug\resourcemanager.obj
c:\engine\vtx\vtx\x64\debug\resource.obj
c:\engine\vtx\vtx\x64\debug\mesh.obj
c:\engine\vtx\vtx\x64\debug\material.obj
c:\engine\vtx\vtx\x64\debug\inputsystem.obj
c:\engine\vtx\vtx\x64\debug\vertexshader.obj
c:\engine\vtx\vtx\x64\debug\vertexbuffer.obj
c:\engine\vtx\vtx\x64\debug\texture2d.obj
c:\engine\vtx\vtx\x64\debug\swapchain.obj
c:\engine\vtx\vtx\x64\debug\rendersystem.obj
c:\engine\vtx\vtx\x64\debug\pixelshader.obj
c:\engine\vtx\vtx\x64\debug\indexbuffer.obj
c:\engine\vtx\vtx\x64\debug\vtx.ilk
c:\engine\vtx\x64\debug\vtx.pdb
c:\engine\vtx\x64\debug\vtx.exe
c:\engine\vtx\vtx\x64\debug\vtx.tlog\cl.command.1.tlog
c:\engine\vtx\vtx\x64\debug\vtx.tlog\cl.items.tlog
c:\engine\vtx\vtx\x64\debug\vtx.tlog\cl.read.1.tlog
c:\engine\vtx\vtx\x64\debug\vtx.tlog\cl.write.1.tlog
c:\engine\vtx\vtx\x64\debug\vtx.tlog\link.command.1.tlog
c:\engine\vtx\vtx\x64\debug\vtx.tlog\link.read.1.tlog
c:\engine\vtx\vtx\x64\debug\vtx.tlog\link.secondary.1.tlog
c:\engine\vtx\vtx\x64\debug\vtx.tlog\link.write.1.tlog
